// Jest Snapshot v1, https://goo.gl/fbAQLP

exports[`'generate' script parse data dir and compile correct token list 1`] = `
Object {
  "keywords": Array [
    "scaling",
    "layer2",
    "infrastructure",
  ],
  "logoURI": "https://specular-token-list.github.io/specular.svg",
  "name": "Specular Token List",
  "timestamp": "2022-08-17T17:00:00.000Z",
  "tokens": Array [
    Object {
      "address": "0x592A4be1d111AE28be1a8EA8878007833ce7F402",
      "chainId": 93481,
      "decimals": 18,
      "logoURI": "https://specular-token-list.github.io/data/TEST2/logo.svg",
      "name": "Test2",
      "symbol": "TT2",
    },
  ],
  "version": Object {
    "major": 1,
    "minor": 0,
    "patch": Any<Number>,
  },
}
`;
